// Jest Snapshot v1, https://goo.gl/fbAQLP

exports[`<TokensPage /> Default should match snapshot 1`] = `
<div
  class="container"
>
  <h1>
    Tokens
  </h1>
  <div>
    <div
      class="table-responsive"
    >
      <table
        class="table table-dark table-sm table-striped table-bordered table-hover"
      >
        <thead
          class="text-center"
        >
          <tr>
            <th
              class="d-none d-sm-table-cell"
            >
              Name
            </th>
            <th>
              Price (Ether)
            </th>
            <th
              class="d-none d-md-table-cell"
            >
              Address
            </th>
          </tr>
        </thead>
        <tbody>
          <tr
            class="app-clickable"
          >
            <td
              class="d-none d-sm-table-cell"
            >
              Token
            </td>
            <td
              class="text-monospace"
            >
              <div
                class="row"
              >
                <div
                  class="col"
                >
                  NaN
                </div>
              </div>
              <div
                class="row"
              >
                <div
                  class="pr-0 col-auto"
                >
                  <span
                    class="text-monospace badge badge-success"
                  >
                    <span
                      class="mr-2"
                    >
                      1H
                    </span>
                    +100 %
                  </span>
                </div>
                <div
                  class="pr-0 col-auto"
                >
                  <span
                    class="text-monospace badge badge-danger"
                  >
                    <span
                      class="mr-2"
                    >
                      1D
                    </span>
                    -50 %
                  </span>
                </div>
                <div
                  class="pr-0 col-auto"
                >
                  <span
                    class="text-monospace badge badge-danger"
                  >
                    <span
                      class="mr-2"
                    >
                      1W
                    </span>
                    -75 %
                  </span>
                </div>
                <div
                  class="pr-0 col-auto"
                >
                  <span
                    class="text-monospace badge badge-secondary"
                  >
                    <span
                      class="mr-2"
                    >
                      1M
                    </span>
                    +0 %
                  </span>
                </div>
                <div
                  class="pr-0 col-auto"
                >
                  <span
                    class="text-monospace badge badge-success"
                  >
                    <span
                      class="mr-2"
                    >
                      1Y
                    </span>
                    +300 %
                  </span>
                </div>
              </div>
            </td>
            <td
              class="d-none d-md-table-cell text-center"
            >
              <a
                class="p-0 app-text-m  btn btn-link"
                href="https://etherscan.io/address/0x0000000000000000000000000000000000000111"
                target="_blank"
              >
                <span
                  class="text-monospace"
                >
                  0x0000...0111
                </span>
              </a>
            </td>
          </tr>
          <tr
            class="app-clickable"
          >
            <td
              class="d-none d-sm-table-cell"
            >
              Token
            </td>
            <td
              class="text-monospace"
            >
              <div
                class="row"
              >
                <div
                  class="col"
                >
                  NaN
                </div>
              </div>
              <div
                class="row"
              >
                <div
                  class="pr-0 col-auto"
                >
                  <span
                    class="text-monospace badge badge-success"
                  >
                    <span
                      class="mr-2"
                    >
                      1H
                    </span>
                    +100 %
                  </span>
                </div>
                <div
                  class="pr-0 col-auto"
                >
                  <span
                    class="text-monospace badge badge-danger"
                  >
                    <span
                      class="mr-2"
                    >
                      1D
                    </span>
                    -50 %
                  </span>
                </div>
                <div
                  class="pr-0 col-auto"
                >
                  <span
                    class="text-monospace badge badge-danger"
                  >
                    <span
                      class="mr-2"
                    >
                      1W
                    </span>
                    -75 %
                  </span>
                </div>
                <div
                  class="pr-0 col-auto"
                >
                  <span
                    class="text-monospace badge badge-secondary"
                  >
                    <span
                      class="mr-2"
                    >
                      1M
                    </span>
                    +0 %
                  </span>
                </div>
                <div
                  class="pr-0 col-auto"
                >
                  <span
                    class="text-monospace badge badge-success"
                  >
                    <span
                      class="mr-2"
                    >
                      1Y
                    </span>
                    +300 %
                  </span>
                </div>
              </div>
            </td>
            <td
              class="d-none d-md-table-cell text-center"
            >
              <a
                class="p-0 app-text-m  btn btn-link"
                href="https://etherscan.io/address/0x0000000000000000000000000000000000000222"
                target="_blank"
              >
                <span
                  class="text-monospace"
                >
                  0x0000...0222
                </span>
              </a>
            </td>
          </tr>
          <tr
            class="app-clickable"
          >
            <td
              class="d-none d-sm-table-cell"
            >
              Token
            </td>
            <td
              class="text-monospace"
            >
              <div
                class="row"
              >
                <div
                  class="col"
                >
                  NaN
                </div>
              </div>
              <div
                class="row"
              >
                <div
                  class="pr-0 col-auto"
                >
                  <span
                    class="text-monospace badge badge-success"
                  >
                    <span
                      class="mr-2"
                    >
                      1H
                    </span>
                    +100 %
                  </span>
                </div>
                <div
                  class="pr-0 col-auto"
                >
                  <span
                    class="text-monospace badge badge-danger"
                  >
                    <span
                      class="mr-2"
                    >
                      1D
                    </span>
                    -50 %
                  </span>
                </div>
                <div
                  class="pr-0 col-auto"
                >
                  <span
                    class="text-monospace badge badge-danger"
                  >
                    <span
                      class="mr-2"
                    >
                      1W
                    </span>
                    -75 %
                  </span>
                </div>
                <div
                  class="pr-0 col-auto"
                >
                  <span
                    class="text-monospace badge badge-secondary"
                  >
                    <span
                      class="mr-2"
                    >
                      1M
                    </span>
                    +0 %
                  </span>
                </div>
                <div
                  class="pr-0 col-auto"
                >
                  <span
                    class="text-monospace badge badge-success"
                  >
                    <span
                      class="mr-2"
                    >
                      1Y
                    </span>
                    +300 %
                  </span>
                </div>
              </div>
            </td>
            <td
              class="d-none d-md-table-cell text-center"
            >
              <a
                class="p-0 app-text-m  btn btn-link"
                href="https://etherscan.io/address/0x0000000000000000000000000000000000000333"
                target="_blank"
              >
                <span
                  class="text-monospace"
                >
                  0x0000...0333
                </span>
              </a>
            </td>
          </tr>
        </tbody>
      </table>
    </div>
  </div>
</div>
`;

exports[`<TokensPage /> Empty should match snapshot 1`] = `
<div
  class="container"
>
  <h1>
    Tokens
  </h1>
  <div>
    <div
      class="text-center "
    >
      <div
        class="text-center m-1 spinner-border text-secondary"
        role="status"
      >
        <span
          class="sr-only"
        >
          Loading...
        </span>
      </div>
    </div>
  </div>
</div>
`;
