// Jest Snapshot v1, https://goo.gl/fbAQLP

exports[`<TransactionActionRow /> should match snapshot 1`] = `
<tr>
  <td
    class="text-center"
  >
    <svg
      aria-hidden="true"
      class="svg-inline--fa fa-plus-circle fa-w-16 fa-lg text-success"
      data-icon="plus-circle"
      data-prefix="fas"
      focusable="false"
      role="img"
      viewBox="0 0 512 512"
      xmlns="http://www.w3.org/2000/svg"
    >
      <path
        d="M256 8C119 8 8 119 8 256s111 248 248 248 248-111 248-248S393 8 256 8zm144 276c0 6.6-5.4 12-12 12h-92v92c0 6.6-5.4 12-12 12h-56c-6.6 0-12-5.4-12-12v-92h-92c-6.6 0-12-5.4-12-12v-56c0-6.6 5.4-12 12-12h92v-92c0-6.6 5.4-12 12-12h56c6.6 0 12 5.4 12 12v92h92c6.6 0 12 5.4 12 12v56z"
        fill="currentColor"
      />
    </svg>
  </td>
  <td>
    <span>
      <span
        class="mx-2 text-monospace badge badge-secondary"
      >
        <span
          class="pr-2"
        >
          TKN-2
        </span>
        <span>
          NaN
        </span>
      </span>
      for
      <span
        class="mx-2 text-monospace badge badge-secondary"
      >
        <span
          class="pr-2"
        >
          ETH
        </span>
        <span>
          NaN
        </span>
      </span>
    </span>
  </td>
  <td
    class="text-center text-monospace"
  >
    11:22:33
  </td>
  <td
    class="d-none d-sm-table-cell text-center"
  >
    <a
      class="p-0 app-text-m  btn btn-link"
      href="https://etherscan.io/address/0x0000000000000000000000000000000000000111"
      target="_blank"
    >
      <span
        class="badge badge-success"
      >
        <svg
          aria-hidden="true"
          class="svg-inline--fa fa-wallet fa-w-16 mr-2"
          data-icon="wallet"
          data-prefix="fas"
          focusable="false"
          role="img"
          viewBox="0 0 512 512"
          xmlns="http://www.w3.org/2000/svg"
        >
          <path
            d="M461.2 128H80c-8.84 0-16-7.16-16-16s7.16-16 16-16h384c8.84 0 16-7.16 16-16 0-26.51-21.49-48-48-48H64C28.65 32 0 60.65 0 96v320c0 35.35 28.65 64 64 64h397.2c28.02 0 50.8-21.53 50.8-48V176c0-26.47-22.78-48-50.8-48zM416 336c-17.67 0-32-14.33-32-32s14.33-32 32-32 32 14.33 32 32-14.33 32-32 32z"
            fill="currentColor"
          />
        </svg>
        My Wallet
      </span>
    </a>
  </td>
  <td
    class="text-center"
  >
    <a
      class="shadow-none my-auto py-0 btn btn-link"
      href="https://etherscan.io/tx/0x0000000000000000000000000000000000000000000000000000000000000001"
      target="_blank"
      title="Link to Etherscan"
    >
      <img
        alt="Link to Etherscan"
        class="app-icon app-icon-lg"
        src=""
      />
    </a>
  </td>
</tr>
`;
