// Jest Snapshot v1, https://goo.gl/fbAQLP

exports[`<Difference /> Neutral should match snapshot 1`] = `
<span
  class="my-badge my-color-neutral "
>
  <span
    class="my-difference-prefix"
  >
    H
  </span>
  <span
    class="my-amount"
  >
    +0%
  </span>
</span>
`;
