// Jest Snapshot v1, https://goo.gl/fbAQLP

exports[`<TokenPriceHistory /> Default should match snapshot 1`] = `
<ul
  class="my-tokenpricehistory my-hlist "
>
  <li>
    <span
      class="my-badge my-color-neutral "
    >
      <span
        class="my-difference-prefix"
      >
        H
      </span>
      <span
        class="my-amount"
      >
        +0%
      </span>
    </span>
  </li>
  <li>
    <span
      class="my-badge my-color-success "
    >
      <span
        class="my-difference-prefix"
      >
        D
      </span>
      <span
        class="my-amount"
      >
        +50%
      </span>
    </span>
  </li>
  <li>
    <span
      class="my-badge my-color-danger "
    >
      <span
        class="my-difference-prefix"
      >
        W
      </span>
      <span
        class="my-amount"
      >
        -50%
      </span>
    </span>
  </li>
</ul>
`;
