// Jest Snapshot v1, https://goo.gl/fbAQLP

exports[`<Toast /> Error should match snapshot 1`] = `
<div
  aria-atomic="true"
  aria-live="assertive"
  class="fade toast app-class bg-danger show"
  role="alert"
>
  <div
    class="toast-header"
  >
    <strong
      class="mr-auto"
    >
      Error
    </strong>
    <button
      class="close ml-2 mb-1"
      data-dismiss="toast"
      type="button"
    >
      <span
        aria-hidden="true"
      >
        Ã—
      </span>
      <span
        class="sr-only"
      >
        Close
      </span>
    </button>
  </div>
  <div
    class="toast-body"
  >
    Message.
  </div>
</div>
`;
