// Jest Snapshot v1, https://goo.gl/fbAQLP

exports[`<Alert /> Default should match snapshot 1`] = `
<div
  class="my-alert my-color-neutral"
>
  Alert.
</div>
`;
