// Jest Snapshot v1, https://goo.gl/fbAQLP

exports[`<ClickableTableRow /> Default should match snapshot 1`] = `
<table>
  <tbody>
    <tr
      class="my-clickabletablerow"
      tabindex="0"
    >
      <td />
    </tr>
  </tbody>
</table>
`;
