// Jest Snapshot v1, https://goo.gl/fbAQLP

exports[`<Icon /> Default should match snapshot 1`] = `
<span
  class="my-icon "
>
  <span
    class="my-icon-svg"
  >
    <svg />
  </span>
  <span
    class="my-icon-label"
  >
    Label
  </span>
</span>
`;
