// Jest Snapshot v1, https://goo.gl/fbAQLP

exports[`<Page /> Default should match snapshot 1`] = `
<main
  class="my-page my-mw-s"
>
  <h1
    class="my-page-header"
  >
    Title
  </h1>
</main>
`;
