// Jest Snapshot v1, https://goo.gl/fbAQLP

exports[`<Pagination /> Default should match snapshot 1`] = `
<nav>
  <ul
    class="my-pagination my-hlist "
  >
    <li>
      <a
        class="my-link"
        tabindex="0"
        title="First page"
      >
        <svg
          aria-hidden="true"
          class="svg-inline--fa fa-angle-double-left fa-w-14 "
          data-icon="angle-double-left"
          data-prefix="fas"
          focusable="false"
          role="img"
          viewBox="0 0 448 512"
          xmlns="http://www.w3.org/2000/svg"
        >
          <path
            d="M223.7 239l136-136c9.4-9.4 24.6-9.4 33.9 0l22.6 22.6c9.4 9.4 9.4 24.6 0 33.9L319.9 256l96.4 96.4c9.4 9.4 9.4 24.6 0 33.9L393.7 409c-9.4 9.4-24.6 9.4-33.9 0l-136-136c-9.5-9.4-9.5-24.6-.1-34zm-192 34l136 136c9.4 9.4 24.6 9.4 33.9 0l22.6-22.6c9.4-9.4 9.4-24.6 0-33.9L127.9 256l96.4-96.4c9.4-9.4 9.4-24.6 0-33.9L201.7 103c-9.4-9.4-24.6-9.4-33.9 0l-136 136c-9.5 9.4-9.5 24.6-.1 34z"
            fill="currentColor"
          />
        </svg>
      </a>
    </li>
    <li>
      <a
        class="my-link"
        tabindex="0"
        title="Previous page"
      >
        <svg
          aria-hidden="true"
          class="svg-inline--fa fa-angle-left fa-w-8 "
          data-icon="angle-left"
          data-prefix="fas"
          focusable="false"
          role="img"
          viewBox="0 0 256 512"
          xmlns="http://www.w3.org/2000/svg"
        >
          <path
            d="M31.7 239l136-136c9.4-9.4 24.6-9.4 33.9 0l22.6 22.6c9.4 9.4 9.4 24.6 0 33.9L127.9 256l96.4 96.4c9.4 9.4 9.4 24.6 0 33.9L201.7 409c-9.4 9.4-24.6 9.4-33.9 0l-136-136c-9.5-9.4-9.5-24.6-.1-34z"
            fill="currentColor"
          />
        </svg>
      </a>
    </li>
    <li>
      <a
        class="my-link"
        tabindex="0"
        title="Page 1"
      >
        1
      </a>
    </li>
    <li>
      <a
        class="my-link"
        tabindex="0"
        title="Page 2"
      >
        2
      </a>
    </li>
    <li>
      <a
        class="my-link"
        tabindex="0"
        title="Page 3"
      >
        3
      </a>
    </li>
    <li>
      <a
        class="my-link"
        tabindex="0"
        title="Page 4"
      >
        4
      </a>
    </li>
    <li>
      <a
        class="my-link my-disabled my-active"
        title="Page 5"
      >
        5
      </a>
    </li>
    <li>
      <a
        class="my-link"
        tabindex="0"
        title="Page 6"
      >
        6
      </a>
    </li>
    <li>
      <a
        class="my-link"
        tabindex="0"
        title="Next page"
      >
        <svg
          aria-hidden="true"
          class="svg-inline--fa fa-angle-right fa-w-8 "
          data-icon="angle-right"
          data-prefix="fas"
          focusable="false"
          role="img"
          viewBox="0 0 256 512"
          xmlns="http://www.w3.org/2000/svg"
        >
          <path
            d="M224.3 273l-136 136c-9.4 9.4-24.6 9.4-33.9 0l-22.6-22.6c-9.4-9.4-9.4-24.6 0-33.9l96.4-96.4-96.4-96.4c-9.4-9.4-9.4-24.6 0-33.9L54.3 103c9.4-9.4 24.6-9.4 33.9 0l136 136c9.5 9.4 9.5 24.6.1 34z"
            fill="currentColor"
          />
        </svg>
      </a>
    </li>
    <li>
      <a
        class="my-link"
        tabindex="0"
        title="Last page"
      >
        <svg
          aria-hidden="true"
          class="svg-inline--fa fa-angle-double-right fa-w-14 "
          data-icon="angle-double-right"
          data-prefix="fas"
          focusable="false"
          role="img"
          viewBox="0 0 448 512"
          xmlns="http://www.w3.org/2000/svg"
        >
          <path
            d="M224.3 273l-136 136c-9.4 9.4-24.6 9.4-33.9 0l-22.6-22.6c-9.4-9.4-9.4-24.6 0-33.9l96.4-96.4-96.4-96.4c-9.4-9.4-9.4-24.6 0-33.9L54.3 103c9.4-9.4 24.6-9.4 33.9 0l136 136c9.5 9.4 9.5 24.6.1 34zm192-34l-136-136c-9.4-9.4-24.6-9.4-33.9 0l-22.6 22.6c-9.4 9.4-9.4 24.6 0 33.9l96.4 96.4-96.4 96.4c-9.4 9.4-9.4 24.6 0 33.9l22.6 22.6c9.4 9.4 24.6 9.4 33.9 0l136-136c9.4-9.2 9.4-24.4 0-33.8z"
            fill="currentColor"
          />
        </svg>
      </a>
    </li>
  </ul>
</nav>
`;
