// Jest Snapshot v1, https://goo.gl/fbAQLP

exports[`<PaginatedList /> Default should match snapshot 1`] = `
Array [
  <nav>
    <ul
      class="my-pagination my-hlist "
    >
      <li>
        <a
          class="my-link my-disabled"
          title="First page"
        >
          <svg
            aria-hidden="true"
            class="svg-inline--fa fa-angle-double-left fa-w-14 "
            data-icon="angle-double-left"
            data-prefix="fas"
            focusable="false"
            role="img"
            viewBox="0 0 448 512"
            xmlns="http://www.w3.org/2000/svg"
          >
            <path
              d="M223.7 239l136-136c9.4-9.4 24.6-9.4 33.9 0l22.6 22.6c9.4 9.4 9.4 24.6 0 33.9L319.9 256l96.4 96.4c9.4 9.4 9.4 24.6 0 33.9L393.7 409c-9.4 9.4-24.6 9.4-33.9 0l-136-136c-9.5-9.4-9.5-24.6-.1-34zm-192 34l136 136c9.4 9.4 24.6 9.4 33.9 0l22.6-22.6c9.4-9.4 9.4-24.6 0-33.9L127.9 256l96.4-96.4c9.4-9.4 9.4-24.6 0-33.9L201.7 103c-9.4-9.4-24.6-9.4-33.9 0l-136 136c-9.5 9.4-9.5 24.6-.1 34z"
              fill="currentColor"
            />
          </svg>
        </a>
      </li>
      <li>
        <a
          class="my-link my-disabled"
          title="Previous page"
        >
          <svg
            aria-hidden="true"
            class="svg-inline--fa fa-angle-left fa-w-8 "
            data-icon="angle-left"
            data-prefix="fas"
            focusable="false"
            role="img"
            viewBox="0 0 256 512"
            xmlns="http://www.w3.org/2000/svg"
          >
            <path
              d="M31.7 239l136-136c9.4-9.4 24.6-9.4 33.9 0l22.6 22.6c9.4 9.4 9.4 24.6 0 33.9L127.9 256l96.4 96.4c9.4 9.4 9.4 24.6 0 33.9L201.7 409c-9.4 9.4-24.6 9.4-33.9 0l-136-136c-9.5-9.4-9.5-24.6-.1-34z"
              fill="currentColor"
            />
          </svg>
        </a>
      </li>
      <li>
        <a
          class="my-link my-disabled my-active"
          title="Page 1"
        >
          1
        </a>
      </li>
      <li>
        <a
          class="my-link"
          tabindex="0"
          title="Page 2"
        >
          2
        </a>
      </li>
      <li>
        <a
          class="my-link my-disabled"
        >
          <svg
            aria-hidden="true"
            class="svg-inline--fa fa-ellipsis-h fa-w-16 "
            data-icon="ellipsis-h"
            data-prefix="fas"
            focusable="false"
            role="img"
            viewBox="0 0 512 512"
            xmlns="http://www.w3.org/2000/svg"
          >
            <path
              d="M328 256c0 39.8-32.2 72-72 72s-72-32.2-72-72 32.2-72 72-72 72 32.2 72 72zm104-72c-39.8 0-72 32.2-72 72s32.2 72 72 72 72-32.2 72-72-32.2-72-72-72zm-352 0c-39.8 0-72 32.2-72 72s32.2 72 72 72 72-32.2 72-72-32.2-72-72-72z"
              fill="currentColor"
            />
          </svg>
        </a>
      </li>
      <li>
        <a
          class="my-link"
          tabindex="0"
          title="Page 10"
        >
          10
        </a>
      </li>
      <li>
        <a
          class="my-link"
          tabindex="0"
          title="Next page"
        >
          <svg
            aria-hidden="true"
            class="svg-inline--fa fa-angle-right fa-w-8 "
            data-icon="angle-right"
            data-prefix="fas"
            focusable="false"
            role="img"
            viewBox="0 0 256 512"
            xmlns="http://www.w3.org/2000/svg"
          >
            <path
              d="M224.3 273l-136 136c-9.4 9.4-24.6 9.4-33.9 0l-22.6-22.6c-9.4-9.4-9.4-24.6 0-33.9l96.4-96.4-96.4-96.4c-9.4-9.4-9.4-24.6 0-33.9L54.3 103c9.4-9.4 24.6-9.4 33.9 0l136 136c9.5 9.4 9.5 24.6.1 34z"
              fill="currentColor"
            />
          </svg>
        </a>
      </li>
      <li>
        <a
          class="my-link"
          tabindex="0"
          title="Last page"
        >
          <svg
            aria-hidden="true"
            class="svg-inline--fa fa-angle-double-right fa-w-14 "
            data-icon="angle-double-right"
            data-prefix="fas"
            focusable="false"
            role="img"
            viewBox="0 0 448 512"
            xmlns="http://www.w3.org/2000/svg"
          >
            <path
              d="M224.3 273l-136 136c-9.4 9.4-24.6 9.4-33.9 0l-22.6-22.6c-9.4-9.4-9.4-24.6 0-33.9l96.4-96.4-96.4-96.4c-9.4-9.4-9.4-24.6 0-33.9L54.3 103c9.4-9.4 24.6-9.4 33.9 0l136 136c9.5 9.4 9.5 24.6.1 34zm192-34l-136-136c-9.4-9.4-24.6-9.4-33.9 0l-22.6 22.6c-9.4 9.4-9.4 24.6 0 33.9l96.4 96.4-96.4 96.4c-9.4 9.4-9.4 24.6 0 33.9l22.6 22.6c9.4 9.4 24.6 9.4 33.9 0l136-136c9.4-9.2 9.4-24.4 0-33.8z"
              fill="currentColor"
            />
          </svg>
        </a>
      </li>
    </ul>
  </nav>,
  "Content.",
  <nav>
    <ul
      class="my-pagination my-hlist "
    >
      <li>
        <a
          class="my-link my-disabled"
          title="First page"
        >
          <svg
            aria-hidden="true"
            class="svg-inline--fa fa-angle-double-left fa-w-14 "
            data-icon="angle-double-left"
            data-prefix="fas"
            focusable="false"
            role="img"
            viewBox="0 0 448 512"
            xmlns="http://www.w3.org/2000/svg"
          >
            <path
              d="M223.7 239l136-136c9.4-9.4 24.6-9.4 33.9 0l22.6 22.6c9.4 9.4 9.4 24.6 0 33.9L319.9 256l96.4 96.4c9.4 9.4 9.4 24.6 0 33.9L393.7 409c-9.4 9.4-24.6 9.4-33.9 0l-136-136c-9.5-9.4-9.5-24.6-.1-34zm-192 34l136 136c9.4 9.4 24.6 9.4 33.9 0l22.6-22.6c9.4-9.4 9.4-24.6 0-33.9L127.9 256l96.4-96.4c9.4-9.4 9.4-24.6 0-33.9L201.7 103c-9.4-9.4-24.6-9.4-33.9 0l-136 136c-9.5 9.4-9.5 24.6-.1 34z"
              fill="currentColor"
            />
          </svg>
        </a>
      </li>
      <li>
        <a
          class="my-link my-disabled"
          title="Previous page"
        >
          <svg
            aria-hidden="true"
            class="svg-inline--fa fa-angle-left fa-w-8 "
            data-icon="angle-left"
            data-prefix="fas"
            focusable="false"
            role="img"
            viewBox="0 0 256 512"
            xmlns="http://www.w3.org/2000/svg"
          >
            <path
              d="M31.7 239l136-136c9.4-9.4 24.6-9.4 33.9 0l22.6 22.6c9.4 9.4 9.4 24.6 0 33.9L127.9 256l96.4 96.4c9.4 9.4 9.4 24.6 0 33.9L201.7 409c-9.4 9.4-24.6 9.4-33.9 0l-136-136c-9.5-9.4-9.5-24.6-.1-34z"
              fill="currentColor"
            />
          </svg>
        </a>
      </li>
      <li>
        <a
          class="my-link my-disabled my-active"
          title="Page 1"
        >
          1
        </a>
      </li>
      <li>
        <a
          class="my-link"
          tabindex="0"
          title="Page 2"
        >
          2
        </a>
      </li>
      <li>
        <a
          class="my-link my-disabled"
        >
          <svg
            aria-hidden="true"
            class="svg-inline--fa fa-ellipsis-h fa-w-16 "
            data-icon="ellipsis-h"
            data-prefix="fas"
            focusable="false"
            role="img"
            viewBox="0 0 512 512"
            xmlns="http://www.w3.org/2000/svg"
          >
            <path
              d="M328 256c0 39.8-32.2 72-72 72s-72-32.2-72-72 32.2-72 72-72 72 32.2 72 72zm104-72c-39.8 0-72 32.2-72 72s32.2 72 72 72 72-32.2 72-72-32.2-72-72-72zm-352 0c-39.8 0-72 32.2-72 72s32.2 72 72 72 72-32.2 72-72-32.2-72-72-72z"
              fill="currentColor"
            />
          </svg>
        </a>
      </li>
      <li>
        <a
          class="my-link"
          tabindex="0"
          title="Page 10"
        >
          10
        </a>
      </li>
      <li>
        <a
          class="my-link"
          tabindex="0"
          title="Next page"
        >
          <svg
            aria-hidden="true"
            class="svg-inline--fa fa-angle-right fa-w-8 "
            data-icon="angle-right"
            data-prefix="fas"
            focusable="false"
            role="img"
            viewBox="0 0 256 512"
            xmlns="http://www.w3.org/2000/svg"
          >
            <path
              d="M224.3 273l-136 136c-9.4 9.4-24.6 9.4-33.9 0l-22.6-22.6c-9.4-9.4-9.4-24.6 0-33.9l96.4-96.4-96.4-96.4c-9.4-9.4-9.4-24.6 0-33.9L54.3 103c9.4-9.4 24.6-9.4 33.9 0l136 136c9.5 9.4 9.5 24.6.1 34z"
              fill="currentColor"
            />
          </svg>
        </a>
      </li>
      <li>
        <a
          class="my-link"
          tabindex="0"
          title="Last page"
        >
          <svg
            aria-hidden="true"
            class="svg-inline--fa fa-angle-double-right fa-w-14 "
            data-icon="angle-double-right"
            data-prefix="fas"
            focusable="false"
            role="img"
            viewBox="0 0 448 512"
            xmlns="http://www.w3.org/2000/svg"
          >
            <path
              d="M224.3 273l-136 136c-9.4 9.4-24.6 9.4-33.9 0l-22.6-22.6c-9.4-9.4-9.4-24.6 0-33.9l96.4-96.4-96.4-96.4c-9.4-9.4-9.4-24.6 0-33.9L54.3 103c9.4-9.4 24.6-9.4 33.9 0l136 136c9.5 9.4 9.5 24.6.1 34zm192-34l-136-136c-9.4-9.4-24.6-9.4-33.9 0l-22.6 22.6c-9.4 9.4-9.4 24.6 0 33.9l96.4 96.4-96.4 96.4c-9.4 9.4-9.4 24.6 0 33.9l22.6 22.6c9.4 9.4 24.6 9.4 33.9 0l136-136c9.4-9.2 9.4-24.4 0-33.8z"
              fill="currentColor"
            />
          </svg>
        </a>
      </li>
    </ul>
  </nav>,
]
`;

exports[`<PaginatedList /> Single page should match snapshot 1`] = `null`;
