// Jest Snapshot v1, https://goo.gl/fbAQLP

exports[`<TokenPage /> Default should match snapshot 1`] = `
Array [
  <h1>
    Token
  </h1>,
  <h2
    class="my-tokenpage-subheader"
  >
    <ul
      class="my-list-h  my-tokenpage-links"
    />
    <span
      class="my-d-min-m"
    >
      <a
        class="my-clickable  my-link my-secondary-fg"
        href="https://etherscan.io/address/0x0000000000000000000000000000000000000111"
        tabindex="0"
        target="_blank"
      >
        <span
          class="my-addresshash"
        >
          0x0000000000000000000000000000000000000111
        </span>
      </a>
    </span>
    <span
      class="my-d-max-m"
    >
      <a
        class="my-clickable  my-link my-secondary-fg"
        href="https://etherscan.io/address/0x0000000000000000000000000000000000000111"
        tabindex="0"
        target="_blank"
      >
        <span
          class="my-addresshash"
        >
          0x0000...0111
        </span>
      </a>
    </span>
  </h2>,
  <section>
    <span
      class="my-d-min-xs my-disabled-fg my-size-l"
    >
      <span
        class="my-symbol"
      >
        TKN
      </span>
      <span
        class="my-amount"
      >
         1 = 
      </span>
    </span>
    <span
      class="my-badge my-light-bg my-size-l "
    >
      <span
        class="my-tokenamount-symbol"
      >
        ETH
      </span>
      <span
        class="my-tokenamount-amount"
      >
         NaN
      </span>
    </span>
    <ul
      class="my-list-h  my-tokenpage-history"
    >
      <li
        class="my-listitem "
      >
        <span
          class="my-badge my-positive-bg my-size-m "
        >
          <span
            class="my-difference-prefix"
          >
            H
          </span>
          <span
            class="my-difference-amount"
          >
            +100%
          </span>
        </span>
      </li>
      <li
        class="my-listitem "
      >
        <span
          class="my-badge my-negative-bg my-size-m "
        >
          <span
            class="my-difference-prefix"
          >
            D
          </span>
          <span
            class="my-difference-amount"
          >
            -50%
          </span>
        </span>
      </li>
      <li
        class="my-listitem "
      >
        <span
          class="my-badge my-negative-bg my-size-m "
        >
          <span
            class="my-difference-prefix"
          >
            W
          </span>
          <span
            class="my-difference-amount"
          >
            -75%
          </span>
        </span>
      </li>
      <li
        class="my-listitem "
      >
        <span
          class="my-badge my-light-bg my-size-m "
        >
          <span
            class="my-difference-prefix"
          >
            M
          </span>
          <span
            class="my-difference-amount"
          >
            +0%
          </span>
        </span>
      </li>
      <li
        class="my-listitem "
      >
        <span
          class="my-badge my-positive-bg my-size-m "
        >
          <span
            class="my-difference-prefix"
          >
            Y
          </span>
          <span
            class="my-difference-amount"
          >
            +300%
          </span>
        </span>
      </li>
    </ul>
  </section>,
  <section>
    <ul
      class="my-list-h my-list-center "
    >
      <li
        class="my-listitem "
      >
        <a
          class="my-clickable  my-link-button my-positive-bg my-size-l"
          href="https://app.uniswap.org/#/swap?outputCurrency=0x0000000000000000000000000000000000000111"
          tabindex="0"
          target="_blank"
        >
          <span
            class="my-icon  "
          >
            <span
              class=" my-alt"
            >
              <svg
                aria-hidden="true"
                class="svg-inline--fa fa-plus-circle fa-w-16 "
                data-icon="plus-circle"
                data-prefix="fas"
                focusable="false"
                role="img"
                viewBox="0 0 512 512"
                xmlns="http://www.w3.org/2000/svg"
              >
                <path
                  d="M256 8C119 8 8 119 8 256s111 248 248 248 248-111 248-248S393 8 256 8zm144 276c0 6.6-5.4 12-12 12h-92v92c0 6.6-5.4 12-12 12h-56c-6.6 0-12-5.4-12-12v-92h-92c-6.6 0-12-5.4-12-12v-56c0-6.6 5.4-12 12-12h92v-92c0-6.6 5.4-12 12-12h56c6.6 0 12 5.4 12 12v92h92c6.6 0 12 5.4 12 12v56z"
                  fill="currentColor"
                />
              </svg>
            </span>
            <span
              class="my-icon-label "
            >
              Buy
            </span>
          </span>
        </a>
      </li>
      <li
        class="my-listitem "
      >
        <a
          class="my-clickable  my-link-button my-negative-bg my-size-l"
          href="https://app.uniswap.org/#/swap?inputCurrency=0x0000000000000000000000000000000000000111&"
          tabindex="0"
          target="_blank"
        >
          <span
            class="my-icon  "
          >
            <span
              class=" my-alt"
            >
              <svg
                aria-hidden="true"
                class="svg-inline--fa fa-minus-circle fa-w-16 "
                data-icon="minus-circle"
                data-prefix="fas"
                focusable="false"
                role="img"
                viewBox="0 0 512 512"
                xmlns="http://www.w3.org/2000/svg"
              >
                <path
                  d="M256 8C119 8 8 119 8 256s111 248 248 248 248-111 248-248S393 8 256 8zM124 296c-6.6 0-12-5.4-12-12v-56c0-6.6 5.4-12 12-12h264c6.6 0 12 5.4 12 12v56c0 6.6-5.4 12-12 12H124z"
                  fill="currentColor"
                />
              </svg>
            </span>
            <span
              class="my-icon-label "
            >
              Sell
            </span>
          </span>
        </a>
      </li>
    </ul>
  </section>,
]
`;

exports[`<TokenPage /> Loading should match snapshot 1`] = `
<h1>
  <div
    class="my-loader"
  >
    <div
      class="my-loader-dots"
    />
  </div>
</h1>
`;
