// Jest Snapshot v1, https://goo.gl/fbAQLP

exports[`<Address /> Long should match snapshot 1`] = `
<a
  class="p-0 app-text-lg app-class btn btn-link"
  href="https://etherscan.io/address/0x0000000000000000000000000000000000000111"
  target="_blank"
>
  <span
    class="text-monospace"
  >
    0x0000000000000000000000000000000000000111
  </span>
</a>
`;
