// Jest Snapshot v1, https://goo.gl/fbAQLP

exports[`<EtherscanLink /> Default should match snapshot 1`] = `
<a
  class="shadow-none app-class btn btn-link"
  href="https://etherscan.io/address/0x0000000000000000000000000000000000000111"
  target="_blank"
  title="Link to Etherscan"
>
  <img
    alt="Link to Etherscan"
    class="app-icon app-icon-sm"
    src=""
  />
</a>
`;
