// Jest Snapshot v1, https://goo.gl/fbAQLP

exports[`<Loader /> should match snapshot 1`] = `
<div
  class="text-center ae-class"
>
  <div
    class="text-center m-1 spinner-border spinner-border-sm text-secondary"
    role="status"
  >
    <span
      class="sr-only"
    >
      Loading...
    </span>
  </div>
</div>
`;
