// Jest Snapshot v1, https://goo.gl/fbAQLP

exports[`<PaginatedList /> should match snapshot 1`] = `
Array [
  <ul
    class="justify-content-center my-2 pagination pagination-sm"
  >
    <li
      class="page-item disabled"
    >
      <span
        class="page-link"
        disabled=""
      >
        <span
          aria-hidden="true"
        >
          «
        </span>
        <span
          class="sr-only"
        >
          First
        </span>
      </span>
    </li>
    <li
      class="page-item disabled"
    >
      <span
        class="page-link"
        disabled=""
      >
        <span
          aria-hidden="true"
        >
          ‹
        </span>
        <span
          class="sr-only"
        >
          Previous
        </span>
      </span>
    </li>
    <li
      class="page-item active"
    >
      <span
        class="page-link"
      >
        1
        <span
          class="sr-only"
        >
          (current)
        </span>
      </span>
    </li>
    <li
      class="page-item"
    >
      <a
        class="page-link"
        href="#"
        role="button"
      >
        2
      </a>
    </li>
    <li
      class="page-item disabled"
    >
      <span
        class="page-link"
        disabled=""
      >
        <span
          aria-hidden="true"
        >
          …
        </span>
        <span
          class="sr-only"
        >
          More
        </span>
      </span>
    </li>
    <li
      class="page-item"
    >
      <a
        class="page-link"
        href="#"
        role="button"
      >
        10
      </a>
    </li>
    <li
      class="page-item"
    >
      <a
        class="page-link"
        href="#"
        role="button"
      >
        <span
          aria-hidden="true"
        >
          ›
        </span>
        <span
          class="sr-only"
        >
          Next
        </span>
      </a>
    </li>
    <li
      class="page-item"
    >
      <a
        class="page-link"
        href="#"
        role="button"
      >
        <span
          aria-hidden="true"
        >
          »
        </span>
        <span
          class="sr-only"
        >
          Last
        </span>
      </a>
    </li>
  </ul>,
  "Content",
  <ul
    class="justify-content-center my-2 pagination pagination-sm"
  >
    <li
      class="page-item disabled"
    >
      <span
        class="page-link"
        disabled=""
      >
        <span
          aria-hidden="true"
        >
          «
        </span>
        <span
          class="sr-only"
        >
          First
        </span>
      </span>
    </li>
    <li
      class="page-item disabled"
    >
      <span
        class="page-link"
        disabled=""
      >
        <span
          aria-hidden="true"
        >
          ‹
        </span>
        <span
          class="sr-only"
        >
          Previous
        </span>
      </span>
    </li>
    <li
      class="page-item active"
    >
      <span
        class="page-link"
      >
        1
        <span
          class="sr-only"
        >
          (current)
        </span>
      </span>
    </li>
    <li
      class="page-item"
    >
      <a
        class="page-link"
        href="#"
        role="button"
      >
        2
      </a>
    </li>
    <li
      class="page-item disabled"
    >
      <span
        class="page-link"
        disabled=""
      >
        <span
          aria-hidden="true"
        >
          …
        </span>
        <span
          class="sr-only"
        >
          More
        </span>
      </span>
    </li>
    <li
      class="page-item"
    >
      <a
        class="page-link"
        href="#"
        role="button"
      >
        10
      </a>
    </li>
    <li
      class="page-item"
    >
      <a
        class="page-link"
        href="#"
        role="button"
      >
        <span
          aria-hidden="true"
        >
          ›
        </span>
        <span
          class="sr-only"
        >
          Next
        </span>
      </a>
    </li>
    <li
      class="page-item"
    >
      <a
        class="page-link"
        href="#"
        role="button"
      >
        <span
          aria-hidden="true"
        >
          »
        </span>
        <span
          class="sr-only"
        >
          Last
        </span>
      </a>
    </li>
  </ul>,
]
`;
