// Jest Snapshot v1, https://goo.gl/fbAQLP

exports[`<Pagination /> Ellipsed should match snapshot 1`] = `
<ul
  class="app-class pagination pagination-sm"
>
  <li
    class="page-item"
  >
    <a
      class="page-link"
      href="#"
      role="button"
    >
      <span
        aria-hidden="true"
      >
        «
      </span>
      <span
        class="sr-only"
      >
        First
      </span>
    </a>
  </li>
  <li
    class="page-item"
  >
    <a
      class="page-link"
      href="#"
      role="button"
    >
      <span
        aria-hidden="true"
      >
        ‹
      </span>
      <span
        class="sr-only"
      >
        Previous
      </span>
    </a>
  </li>
  <li
    class="page-item"
  >
    <a
      class="page-link"
      href="#"
      role="button"
    >
      1
    </a>
  </li>
  <li
    class="page-item disabled"
  >
    <span
      class="page-link"
      disabled=""
    >
      <span
        aria-hidden="true"
      >
        …
      </span>
      <span
        class="sr-only"
      >
        More
      </span>
    </span>
  </li>
  <li
    class="page-item"
  >
    <a
      class="page-link"
      href="#"
      role="button"
    >
      4
    </a>
  </li>
  <li
    class="page-item active"
  >
    <span
      class="page-link"
    >
      5
      <span
        class="sr-only"
      >
        (current)
      </span>
    </span>
  </li>
  <li
    class="page-item"
  >
    <a
      class="page-link"
      href="#"
      role="button"
    >
      6
    </a>
  </li>
  <li
    class="page-item disabled"
  >
    <span
      class="page-link"
      disabled=""
    >
      <span
        aria-hidden="true"
      >
        …
      </span>
      <span
        class="sr-only"
      >
        More
      </span>
    </span>
  </li>
  <li
    class="page-item"
  >
    <a
      class="page-link"
      href="#"
      role="button"
    >
      10
    </a>
  </li>
  <li
    class="page-item"
  >
    <a
      class="page-link"
      href="#"
      role="button"
    >
      <span
        aria-hidden="true"
      >
        ›
      </span>
      <span
        class="sr-only"
      >
        Next
      </span>
    </a>
  </li>
  <li
    class="page-item"
  >
    <a
      class="page-link"
      href="#"
      role="button"
    >
      <span
        aria-hidden="true"
      >
        »
      </span>
      <span
        class="sr-only"
      >
        Last
      </span>
    </a>
  </li>
</ul>
`;
