// Jest Snapshot v1, https://goo.gl/fbAQLP

exports[`<TokenAmount /> Ether should match snapshot 1`] = `
<span
  class="mx-2 text-monospace badge badge-secondary"
>
  <span
    class="pr-2"
  >
    ETH
  </span>
  <span>
    1,000
  </span>
</span>
`;
